....................................
----------------------------------------------------------------------
Ran 36 tests

OK
